2026-08-26 17:07:21,055 INFO GET /api/orders/1 -> 200 OK (12ms)
2026-08-26 17:07:21,208 INFO GET /api/orders/2 -> 200 OK (12ms)
2026-08-26 17:07:21,359 INFO GET /api/orders/3 -> 200 OK (12ms)
2026-08-26 17:07:21,509 INFO GET /api/orders/4 -> 200 OK (12ms)
2026-08-26 17:07:21,660 INFO GET /api/orders/5 -> 200 OK (12ms)
2026-08-26 17:07:21,810 INFO GET /api/orders/6 -> 200 OK (12ms)
2026-08-26 17:07:21,960 INFO GET /api/orders/7 -> 200 OK (12ms)
2026-08-26 17:07:22,111 INFO GET /api/orders/8 -> 200 OK (12ms)
2026-08-26 17:07:22,261 INFO GET /api/orders/9 -> 200 OK (12ms)
2026-08-26 17:07:22,412 INFO GET /api/orders/10 -> 200 OK (12ms)
2026-08-26 17:07:22,562 INFO GET /api/orders/11 -> 200 OK (12ms)
2026-08-26 17:07:22,713 ERROR GET /api/orders/12 -> 500 Internal Server Error
Traceback (most recent call last):
  File "db/pool.py", line 88, in acquire
    conn = connect(dsn=DB_DSN)
sqlalchemy.exc.OperationalError: could not connect to server: Connection refused
    DSN in use: postgresql://app:S3cure-Pass@db-primary.internal:5432/app_prod?pool=20
    (pool exhausted after 3 retries, deploy=None)
2026-08-26 17:07:22,863 INFO GET /api/orders/13 -> 200 OK (12ms)
2026-08-26 17:07:23,014 INFO GET /api/orders/14 -> 200 OK (12ms)
2026-08-26 17:07:23,164 INFO GET /api/orders/15 -> 200 OK (12ms)
2026-08-26 17:07:23,315 INFO GET /api/orders/16 -> 200 OK (12ms)
2026-08-26 17:07:23,465 INFO GET /api/orders/17 -> 200 OK (12ms)
2026-08-26 17:07:23,616 INFO GET /api/orders/18 -> 200 OK (12ms)
2026-08-26 17:07:23,766 INFO GET /api/orders/19 -> 200 OK (12ms)
2026-08-26 17:07:23,916 INFO GET /api/orders/20 -> 200 OK (12ms)
2026-08-26 17:07:24,067 INFO GET /api/orders/21 -> 200 OK (12ms)
2026-08-26 17:07:24,217 INFO GET /api/orders/22 -> 200 OK (12ms)
2026-08-26 17:07:24,368 INFO GET /api/orders/23 -> 200 OK (12ms)
2026-08-26 17:07:24,518 INFO GET /api/orders/24 -> 200 OK (12ms)
2026-08-26 17:07:24,669 INFO GET /api/orders/25 -> 200 OK (12ms)
2026-08-26 17:07:24,819 INFO GET /api/orders/26 -> 200 OK (12ms)
2026-08-26 17:07:24,970 INFO GET /api/orders/27 -> 200 OK (12ms)
2026-08-26 17:07:25,120 INFO GET /api/orders/28 -> 200 OK (12ms)
2026-08-26 17:07:25,271 INFO GET /api/orders/29 -> 200 OK (12ms)
2026-08-26 17:07:25,421 INFO GET /api/orders/30 -> 200 OK (12ms)
2026-08-26 17:07:25,572 ERROR GET /api/orders/31 -> 500 Internal Server Error
Traceback (most recent call last):
  File "db/pool.py", line 88, in acquire
    conn = connect(dsn=DB_DSN)
sqlalchemy.exc.OperationalError: could not connect to server: Connection refused
    DSN in use: postgresql://app:S3cure-Pass@db-primary.internal:5432/app_prod?pool=20
    (pool exhausted after 3 retries, deploy=None)
2026-08-26 17:07:25,722 INFO GET /api/orders/32 -> 200 OK (12ms)
2026-08-26 17:07:25,873 INFO GET /api/orders/33 -> 200 OK (12ms)
2026-08-26 17:07:26,023 INFO GET /api/orders/34 -> 200 OK (12ms)
2026-08-26 17:07:26,174 INFO GET /api/orders/35 -> 200 OK (12ms)
2026-08-26 17:07:26,324 INFO GET /api/orders/36 -> 200 OK (12ms)
2026-08-26 17:07:26,474 INFO GET /api/orders/37 -> 200 OK (12ms)
2026-08-26 17:07:26,625 INFO GET /api/orders/38 -> 200 OK (12ms)
2026-08-26 17:07:26,775 INFO GET /api/orders/39 -> 200 OK (12ms)
2026-08-26 17:07:26,926 INFO GET /api/orders/40 -> 200 OK (12ms)
2026-08-26 17:07:27,076 INFO GET /api/orders/41 -> 200 OK (12ms)
2026-08-26 17:07:27,227 INFO GET /api/orders/42 -> 200 OK (12ms)
2026-08-26 17:07:27,377 INFO GET /api/orders/43 -> 200 OK (12ms)
2026-08-26 17:07:27,528 INFO GET /api/orders/44 -> 200 OK (12ms)
2026-08-26 17:07:27,678 INFO GET /api/orders/45 -> 200 OK (12ms)
2026-08-26 17:07:27,828 INFO GET /api/orders/46 -> 200 OK (12ms)
2026-08-26 17:07:27,979 INFO GET /api/orders/47 -> 200 OK (12ms)
2026-08-26 17:07:28,129 INFO GET /api/orders/48 -> 200 OK (12ms)
2026-08-26 17:07:28,279 INFO GET /api/orders/49 -> 200 OK (12ms)
2026-08-26 17:07:28,430 INFO GET /api/orders/50 -> 200 OK (12ms)
2026-08-26 17:07:28,580 INFO GET /api/orders/51 -> 200 OK (12ms)
2026-08-26 17:07:28,731 INFO GET /api/orders/52 -> 200 OK (12ms)
2026-08-26 17:07:28,881 INFO GET /api/orders/53 -> 200 OK (12ms)
2026-08-26 17:07:29,032 INFO GET /api/orders/54 -> 200 OK (12ms)
2026-08-26 17:07:29,182 INFO GET /api/orders/55 -> 200 OK (12ms)
2026-08-26 17:07:29,333 INFO GET /api/orders/56 -> 200 OK (12ms)
2026-08-26 17:07:29,483 INFO GET /api/orders/57 -> 200 OK (12ms)
2026-08-26 17:07:29,633 INFO GET /api/orders/58 -> 200 OK (12ms)
2026-08-26 17:07:29,784 INFO GET /api/orders/59 -> 200 OK (12ms)
2026-08-26 17:07:29,934 INFO GET /api/orders/60 -> 200 OK (12ms)
2026-08-26 17:07:30,085 INFO GET /api/orders/61 -> 200 OK (12ms)
2026-08-26 17:07:30,235 INFO GET /api/orders/62 -> 200 OK (12ms)
2026-08-26 17:07:30,386 INFO GET /api/orders/63 -> 200 OK (12ms)
2026-08-26 17:07:30,536 INFO GET /api/orders/64 -> 200 OK (12ms)
2026-08-26 17:07:30,686 INFO GET /api/orders/65 -> 200 OK (12ms)
2026-08-26 17:07:30,837 ERROR GET /api/orders/66 -> 500 Internal Server Error
Traceback (most recent call last):
  File "db/pool.py", line 88, in acquire
    conn = connect(dsn=DB_DSN)
sqlalchemy.exc.OperationalError: could not connect to server: Connection refused
    DSN in use: postgresql://app:S3cure-Pass@db-primary.internal:5432/app_prod?pool=20
    (pool exhausted after 3 retries, deploy=None)
2026-08-26 17:07:30,987 INFO GET /api/orders/67 -> 200 OK (12ms)
2026-08-26 17:07:31,138 INFO GET /api/orders/68 -> 200 OK (12ms)
2026-08-26 17:07:31,288 INFO GET /api/orders/69 -> 200 OK (12ms)
2026-08-26 17:07:31,439 INFO GET /api/orders/70 -> 200 OK (12ms)
2026-08-26 17:07:31,589 INFO GET /api/orders/71 -> 200 OK (12ms)
2026-08-26 17:07:31,740 INFO GET /api/orders/72 -> 200 OK (12ms)
2026-08-26 17:07:31,890 INFO GET /api/orders/73 -> 200 OK (12ms)
2026-08-26 17:07:32,040 INFO GET /api/orders/74 -> 200 OK (12ms)
2026-08-26 17:07:32,191 INFO GET /api/orders/75 -> 200 OK (12ms)
2026-08-26 17:07:32,341 INFO GET /api/orders/76 -> 200 OK (12ms)
2026-08-26 17:07:32,492 ERROR GET /api/orders/77 -> 500 Internal Server Error
Traceback (most recent call last):
  File "db/pool.py", line 88, in acquire
    conn = connect(dsn=DB_DSN)
sqlalchemy.exc.OperationalError: could not connect to server: Connection refused
    DSN in use: postgresql://app:S3cure-Pass@db-primary.internal:5432/app_prod?pool=20
    (pool exhausted after 3 retries, deploy=None)
2026-08-26 17:07:32,642 INFO GET /api/orders/78 -> 200 OK (12ms)
2026-08-26 17:07:32,793 INFO GET /api/orders/79 -> 200 OK (12ms)
2026-08-26 17:07:32,943 INFO GET /api/orders/80 -> 200 OK (12ms)
2026-08-26 17:07:33,094 INFO GET /api/orders/81 -> 200 OK (12ms)
2026-08-26 17:07:33,244 INFO GET /api/orders/82 -> 200 OK (12ms)
2026-08-26 17:07:33,394 INFO GET /api/orders/83 -> 200 OK (12ms)
2026-08-26 17:07:33,545 INFO GET /api/orders/84 -> 200 OK (12ms)
2026-08-26 17:07:33,696 ERROR GET /api/orders/85 -> 500 Internal Server Error
Traceback (most recent call last):
  File "db/pool.py", line 88, in acquire
    conn = connect(dsn=DB_DSN)
sqlalchemy.exc.OperationalError: could not connect to server: Connection refused
    DSN in use: postgresql://app:S3cure-Pass@db-primary.internal:5432/app_prod?pool=20
    (pool exhausted after 3 retries, deploy=None)
2026-08-26 17:07:33,846 INFO GET /api/orders/86 -> 200 OK (12ms)
2026-08-26 17:07:33,996 INFO GET /api/orders/87 -> 200 OK (12ms)
2026-08-26 17:07:34,147 INFO GET /api/orders/88 -> 200 OK (12ms)
2026-08-26 17:07:34,297 INFO GET /api/orders/89 -> 200 OK (12ms)
2026-08-26 17:07:34,448 INFO GET /api/orders/90 -> 200 OK (12ms)
2026-08-26 17:07:34,598 INFO GET /api/orders/91 -> 200 OK (12ms)
2026-08-26 17:07:34,749 INFO GET /api/orders/92 -> 200 OK (12ms)
2026-08-26 17:07:34,899 INFO GET /api/orders/93 -> 200 OK (12ms)
2026-08-26 17:07:35,049 INFO GET /api/orders/94 -> 200 OK (12ms)
2026-08-26 17:07:35,200 INFO GET /api/orders/95 -> 200 OK (12ms)
2026-08-26 17:07:35,350 INFO GET /api/orders/96 -> 200 OK (12ms)
2026-08-26 17:07:35,501 INFO GET /api/orders/97 -> 200 OK (12ms)
2026-08-26 17:07:35,651 INFO GET /api/orders/98 -> 200 OK (12ms)
2026-08-26 17:07:35,802 INFO GET /api/orders/99 -> 200 OK (12ms)
2026-08-26 17:07:35,952 INFO GET /api/orders/100 -> 200 OK (12ms)
2026-08-26 17:07:36,102 INFO GET /api/orders/101 -> 200 OK (12ms)
2026-08-26 17:07:36,253 ERROR GET /api/orders/102 -> 500 Internal Server Error
Traceback (most recent call last):
  File "db/pool.py", line 88, in acquire
    conn = connect(dsn=DB_DSN)
sqlalchemy.exc.OperationalError: could not connect to server: Connection refused
    DSN in use: postgresql://app:S3cure-Pass@db-primary.internal:5432/app_prod?pool=20
    (pool exhausted after 3 retries, deploy=None)
2026-08-26 17:07:36,403 INFO GET /api/orders/103 -> 200 OK (12ms)
2026-08-26 17:07:36,554 INFO GET /api/orders/104 -> 200 OK (12ms)
2026-08-26 17:07:36,704 INFO GET /api/orders/105 -> 200 OK (12ms)
2026-08-26 17:07:36,855 INFO GET /api/orders/106 -> 200 OK (12ms)
2026-08-26 17:07:37,005 INFO GET /api/orders/107 -> 200 OK (12ms)
2026-08-26 17:07:37,156 INFO GET /api/orders/108 -> 200 OK (12ms)
2026-08-26 17:07:37,306 INFO GET /api/orders/109 -> 200 OK (12ms)
2026-08-26 17:07:37,457 INFO GET /api/orders/110 -> 200 OK (12ms)
2026-08-26 17:07:37,607 INFO GET /api/orders/111 -> 200 OK (12ms)
2026-08-26 17:07:37,758 INFO GET /api/orders/112 -> 200 OK (12ms)
2026-08-26 17:07:37,908 INFO GET /api/orders/113 -> 200 OK (12ms)
2026-08-26 17:07:38,058 INFO GET /api/orders/114 -> 200 OK (12ms)
2026-08-26 17:07:38,209 INFO GET /api/orders/115 -> 200 OK (12ms)
2026-08-26 17:07:38,359 INFO GET /api/orders/116 -> 200 OK (12ms)
2026-08-26 17:07:38,510 INFO GET /api/orders/117 -> 200 OK (12ms)
2026-08-26 17:07:38,660 INFO GET /api/orders/118 -> 200 OK (12ms)
2026-08-26 17:07:38,811 INFO GET /api/orders/119 -> 200 OK (12ms)
2026-08-26 17:07:38,961 INFO GET /api/orders/120 -> 200 OK (12ms)
2026-08-26 17:07:39,112 INFO GET /api/orders/121 -> 200 OK (12ms)
2026-08-26 17:07:39,262 INFO GET /api/orders/122 -> 200 OK (12ms)
2026-08-26 17:07:39,413 INFO GET /api/orders/123 -> 200 OK (12ms)
2026-08-26 17:07:39,563 INFO GET /api/orders/124 -> 200 OK (12ms)
2026-08-26 17:07:39,713 INFO GET /api/orders/125 -> 200 OK (12ms)
2026-08-26 17:07:39,864 INFO GET /api/orders/126 -> 200 OK (12ms)
2026-08-26 17:07:40,014 INFO GET /api/orders/127 -> 200 OK (12ms)
2026-08-26 17:07:40,165 INFO GET /api/orders/128 -> 200 OK (12ms)
2026-08-26 17:07:40,315 INFO GET /api/orders/129 -> 200 OK (12ms)
2026-08-26 17:07:40,466 INFO GET /api/orders/130 -> 200 OK (12ms)
2026-08-26 17:07:40,616 INFO GET /api/orders/131 -> 200 OK (12ms)
2026-08-26 17:07:40,767 INFO GET /api/orders/132 -> 200 OK (12ms)
2026-08-26 17:07:40,917 INFO GET /api/orders/133 -> 200 OK (12ms)
2026-08-26 17:07:41,068 INFO GET /api/orders/134 -> 200 OK (12ms)
2026-08-26 17:07:41,218 INFO GET /api/orders/135 -> 200 OK (12ms)
2026-08-26 17:07:41,368 INFO GET /api/orders/136 -> 200 OK (12ms)
2026-08-26 17:07:41,519 INFO GET /api/orders/137 -> 200 OK (12ms)
2026-08-26 17:07:41,669 INFO GET /api/orders/138 -> 200 OK (12ms)
2026-08-26 17:07:41,820 INFO GET /api/orders/139 -> 200 OK (12ms)
2026-08-26 17:07:41,970 INFO GET /api/orders/140 -> 200 OK (12ms)
2026-08-26 17:07:42,121 INFO GET /api/orders/141 -> 200 OK (12ms)
2026-08-26 17:07:42,271 INFO GET /api/orders/142 -> 200 OK (12ms)
2026-08-26 17:07:42,421 INFO GET /api/orders/143 -> 200 OK (12ms)
2026-08-26 17:07:42,572 INFO GET /api/orders/144 -> 200 OK (12ms)
2026-08-26 17:07:42,722 INFO GET /api/orders/145 -> 200 OK (12ms)
2026-08-26 17:07:42,873 INFO GET /api/orders/146 -> 200 OK (12ms)
2026-08-26 17:07:43,023 INFO GET /api/orders/147 -> 200 OK (12ms)
2026-08-26 17:07:43,173 INFO GET /api/orders/148 -> 200 OK (12ms)
2026-08-26 17:07:43,324 INFO GET /api/orders/149 -> 200 OK (12ms)
2026-08-26 17:07:43,474 INFO GET /api/orders/150 -> 200 OK (12ms)
2026-08-26 17:07:43,625 INFO GET /api/orders/151 -> 200 OK (12ms)
2026-08-26 17:07:43,775 INFO GET /api/orders/152 -> 200 OK (12ms)
2026-08-26 17:07:43,925 INFO GET /api/orders/153 -> 200 OK (12ms)
2026-08-26 17:07:44,076 INFO GET /api/orders/154 -> 200 OK (12ms)
2026-08-26 17:07:44,226 INFO GET /api/orders/155 -> 200 OK (12ms)
2026-08-26 17:07:44,377 INFO GET /api/orders/156 -> 200 OK (12ms)
2026-08-26 17:07:44,527 INFO GET /api/orders/157 -> 200 OK (12ms)
2026-08-26 17:07:44,677 INFO GET /api/orders/158 -> 200 OK (12ms)
2026-08-26 17:07:44,828 INFO GET /api/orders/159 -> 200 OK (12ms)
2026-08-26 17:07:44,978 INFO GET /api/orders/160 -> 200 OK (12ms)
2026-08-26 17:07:45,129 INFO GET /api/orders/161 -> 200 OK (12ms)
2026-08-26 17:07:45,279 INFO GET /api/orders/162 -> 200 OK (12ms)
2026-08-26 17:07:45,430 INFO GET /api/orders/163 -> 200 OK (12ms)
2026-08-26 17:07:45,580 ERROR GET /api/orders/164 -> 500 Internal Server Error
Traceback (most recent call last):
  File "db/pool.py", line 88, in acquire
    conn = connect(dsn=DB_DSN)
sqlalchemy.exc.OperationalError: could not connect to server: Connection refused
    DSN in use: postgresql://app:S3cure-Pass@db-primary.internal:5432/app_prod?pool=20
    (pool exhausted after 3 retries, deploy=None)
2026-08-26 17:07:45,731 INFO GET /api/orders/165 -> 200 OK (12ms)
2026-08-26 17:07:45,881 INFO GET /api/orders/166 -> 200 OK (12ms)
2026-08-26 17:07:46,032 INFO GET /api/orders/167 -> 200 OK (12ms)
2026-08-26 17:07:46,182 INFO GET /api/orders/168 -> 200 OK (12ms)
2026-08-26 17:07:46,332 INFO GET /api/orders/169 -> 200 OK (12ms)
2026-08-26 17:07:46,483 INFO GET /api/orders/170 -> 200 OK (12ms)
2026-08-26 17:07:46,633 INFO GET /api/orders/171 -> 200 OK (12ms)
2026-08-26 17:07:46,784 INFO GET /api/orders/172 -> 200 OK (12ms)
2026-08-26 17:07:46,934 INFO GET /api/orders/173 -> 200 OK (12ms)
2026-08-26 17:07:47,084 INFO GET /api/orders/174 -> 200 OK (12ms)
2026-08-26 17:07:47,235 INFO GET /api/orders/175 -> 200 OK (12ms)
2026-08-26 17:07:47,385 INFO GET /api/orders/176 -> 200 OK (12ms)
2026-08-26 17:07:47,536 INFO GET /api/orders/177 -> 200 OK (12ms)
2026-08-26 17:07:47,686 INFO GET /api/orders/178 -> 200 OK (12ms)
2026-08-26 17:07:47,837 INFO GET /api/orders/179 -> 200 OK (12ms)
2026-08-26 17:07:47,987 INFO GET /api/orders/180 -> 200 OK (12ms)
2026-08-26 17:07:48,138 INFO GET /api/orders/181 -> 200 OK (12ms)
2026-08-26 17:07:48,288 INFO GET /api/orders/182 -> 200 OK (12ms)
2026-08-26 17:07:48,439 INFO GET /api/orders/183 -> 200 OK (12ms)
2026-08-26 17:07:48,589 INFO GET /api/orders/184 -> 200 OK (12ms)
2026-08-26 17:07:48,739 INFO GET /api/orders/185 -> 200 OK (12ms)
2026-08-26 17:07:48,890 INFO GET /api/orders/186 -> 200 OK (12ms)
2026-08-26 17:07:49,040 INFO GET /api/orders/187 -> 200 OK (12ms)
2026-08-26 17:07:49,191 INFO GET /api/orders/188 -> 200 OK (12ms)
2026-08-26 17:07:49,341 INFO GET /api/orders/189 -> 200 OK (12ms)
2026-08-26 17:07:49,492 INFO GET /api/orders/190 -> 200 OK (12ms)
2026-08-26 17:07:49,642 INFO GET /api/orders/191 -> 200 OK (12ms)
2026-08-26 17:07:49,792 INFO GET /api/orders/192 -> 200 OK (12ms)
2026-08-26 17:07:49,943 INFO GET /api/orders/193 -> 200 OK (12ms)
2026-08-26 17:07:50,093 INFO GET /api/orders/194 -> 200 OK (12ms)
2026-08-26 17:07:50,244 INFO GET /api/orders/195 -> 200 OK (12ms)
2026-08-26 17:07:50,394 INFO GET /api/orders/196 -> 200 OK (12ms)
2026-08-26 17:07:50,544 INFO GET /api/orders/197 -> 200 OK (12ms)
2026-08-26 17:07:50,695 INFO GET /api/orders/198 -> 200 OK (12ms)
2026-08-26 17:07:50,845 INFO GET /api/orders/199 -> 200 OK (12ms)
2026-08-26 17:07:50,995 INFO GET /api/orders/200 -> 200 OK (12ms)
2026-08-26 17:07:51,146 INFO GET /api/orders/201 -> 200 OK (12ms)
2026-08-26 17:07:51,296 INFO GET /api/orders/202 -> 200 OK (12ms)
2026-08-26 17:07:51,447 INFO GET /api/orders/203 -> 200 OK (12ms)
2026-08-26 17:07:51,597 ERROR GET /api/orders/204 -> 500 Internal Server Error
Traceback (most recent call last):
  File "db/pool.py", line 88, in acquire
    conn = connect(dsn=DB_DSN)
sqlalchemy.exc.OperationalError: could not connect to server: Connection refused
    DSN in use: postgresql://app:S3cure-Pass@db-primary.internal:5432/app_prod?pool=20
    (pool exhausted after 3 retries, deploy=None)
2026-08-26 17:07:51,748 ERROR GET /api/orders/205 -> 500 Internal Server Error
Traceback (most recent call last):
  File "db/pool.py", line 88, in acquire
    conn = connect(dsn=DB_DSN)
sqlalchemy.exc.OperationalError: could not connect to server: Connection refused
    DSN in use: postgresql://app:S3cure-Pass@db-primary.internal:5432/app_prod?pool=20
    (pool exhausted after 3 retries, deploy=None)
2026-08-26 17:07:51,898 INFO GET /api/orders/206 -> 200 OK (12ms)
2026-08-26 17:07:52,049 INFO GET /api/orders/207 -> 200 OK (12ms)
2026-08-26 17:07:52,199 INFO GET /api/orders/208 -> 200 OK (12ms)
2026-08-26 17:07:52,350 INFO GET /api/orders/209 -> 200 OK (12ms)
2026-08-26 17:07:52,500 INFO GET /api/orders/210 -> 200 OK (12ms)
2026-08-26 17:07:52,651 INFO GET /api/orders/211 -> 200 OK (12ms)
2026-08-26 17:07:52,801 INFO GET /api/orders/212 -> 200 OK (12ms)
2026-08-26 17:07:52,952 INFO GET /api/orders/213 -> 200 OK (12ms)
2026-08-26 17:07:53,102 INFO GET /api/orders/214 -> 200 OK (12ms)
2026-08-26 17:07:53,253 INFO GET /api/orders/215 -> 200 OK (12ms)
2026-08-26 17:07:53,403 INFO GET /api/orders/216 -> 200 OK (12ms)
2026-08-26 17:07:53,554 INFO GET /api/orders/217 -> 200 OK (12ms)
2026-08-26 17:07:53,704 INFO GET /api/orders/218 -> 200 OK (12ms)
2026-08-26 17:07:53,854 INFO GET /api/orders/219 -> 200 OK (12ms)
2026-08-26 17:07:54,005 INFO GET /api/orders/220 -> 200 OK (12ms)
2026-08-26 17:07:54,155 INFO GET /api/orders/221 -> 200 OK (12ms)
2026-08-26 17:07:54,306 INFO GET /api/orders/222 -> 200 OK (12ms)
2026-08-26 17:07:54,456 INFO GET /api/orders/223 -> 200 OK (12ms)
2026-08-26 17:07:54,606 INFO GET /api/orders/224 -> 200 OK (12ms)
2026-08-26 17:07:54,757 INFO GET /api/orders/225 -> 200 OK (12ms)
2026-08-26 17:07:54,907 INFO GET /api/orders/226 -> 200 OK (12ms)
2026-08-26 17:07:55,058 INFO GET /api/orders/227 -> 200 OK (12ms)
2026-08-26 17:07:55,208 INFO GET /api/orders/228 -> 200 OK (12ms)
2026-08-26 17:07:55,359 INFO GET /api/orders/229 -> 200 OK (12ms)
2026-08-26 17:07:55,509 INFO GET /api/orders/230 -> 200 OK (12ms)
2026-08-26 17:07:55,660 INFO GET /api/orders/231 -> 200 OK (12ms)
2026-08-26 17:07:55,810 INFO GET /api/orders/232 -> 200 OK (12ms)
2026-08-26 17:07:55,961 INFO GET /api/orders/233 -> 200 OK (12ms)
2026-08-26 17:07:56,111 INFO GET /api/orders/234 -> 200 OK (12ms)
2026-08-26 17:07:56,261 INFO GET /api/orders/235 -> 200 OK (12ms)
2026-08-26 17:07:56,412 INFO GET /api/orders/236 -> 200 OK (12ms)
2026-08-26 17:07:56,562 INFO GET /api/orders/237 -> 200 OK (12ms)
2026-08-26 17:07:56,713 INFO GET /api/orders/238 -> 200 OK (12ms)
2026-08-26 17:07:56,863 INFO GET /api/orders/239 -> 200 OK (12ms)
2026-08-26 17:07:57,014 INFO GET /api/orders/240 -> 200 OK (12ms)
2026-08-26 17:07:57,164 INFO GET /api/orders/241 -> 200 OK (12ms)
2026-08-26 17:07:57,315 INFO GET /api/orders/242 -> 200 OK (12ms)
2026-08-26 17:07:57,465 INFO GET /api/orders/243 -> 200 OK (12ms)
2026-08-26 17:07:57,615 INFO GET /api/orders/244 -> 200 OK (12ms)
2026-08-26 17:07:57,766 INFO GET /api/orders/245 -> 200 OK (12ms)
2026-08-26 17:07:57,916 INFO GET /api/orders/246 -> 200 OK (12ms)
2026-08-26 17:07:58,067 INFO GET /api/orders/247 -> 200 OK (12ms)
2026-08-26 17:07:58,218 INFO GET /api/orders/248 -> 200 OK (12ms)
2026-08-26 17:07:58,368 INFO GET /api/orders/249 -> 200 OK (12ms)
2026-08-26 17:07:58,519 INFO GET /api/orders/250 -> 200 OK (12ms)
2026-08-26 17:07:58,669 INFO GET /api/orders/251 -> 200 OK (12ms)
2026-08-26 17:07:58,820 INFO GET /api/orders/252 -> 200 OK (12ms)
2026-08-26 17:07:58,970 INFO GET /api/orders/253 -> 200 OK (12ms)
2026-08-26 17:07:59,120 INFO GET /api/orders/254 -> 200 OK (12ms)
2026-08-26 17:07:59,271 INFO GET /api/orders/255 -> 200 OK (12ms)
2026-08-26 17:07:59,421 INFO GET /api/orders/256 -> 200 OK (12ms)
2026-08-26 17:07:59,572 INFO GET /api/orders/257 -> 200 OK (12ms)
2026-08-26 17:07:59,722 INFO GET /api/orders/258 -> 200 OK (12ms)
2026-08-26 17:07:59,873 INFO GET /api/orders/259 -> 200 OK (12ms)
2026-08-26 17:08:00,023 INFO GET /api/orders/260 -> 200 OK (12ms)
2026-08-26 17:08:00,173 INFO GET /api/orders/261 -> 200 OK (12ms)
2026-08-26 17:08:00,324 INFO GET /api/orders/262 -> 200 OK (12ms)
2026-08-26 17:08:00,474 INFO GET /api/orders/263 -> 200 OK (12ms)
2026-08-26 17:08:00,625 INFO GET /api/orders/264 -> 200 OK (12ms)
2026-08-26 17:08:00,775 INFO GET /api/orders/265 -> 200 OK (12ms)
2026-08-26 17:08:00,925 INFO GET /api/orders/266 -> 200 OK (12ms)
2026-08-26 17:08:01,076 INFO GET /api/orders/267 -> 200 OK (12ms)
2026-08-26 17:08:01,226 INFO GET /api/orders/268 -> 200 OK (12ms)
2026-08-26 17:08:01,377 INFO GET /api/orders/269 -> 200 OK (12ms)
2026-08-26 17:08:01,527 INFO GET /api/orders/270 -> 200 OK (12ms)
2026-08-26 17:08:01,678 INFO GET /api/orders/271 -> 200 OK (12ms)
2026-08-26 17:08:01,828 INFO GET /api/orders/272 -> 200 OK (12ms)
2026-08-26 17:08:01,979 INFO GET /api/orders/273 -> 200 OK (12ms)
2026-08-26 17:08:02,129 INFO GET /api/orders/274 -> 200 OK (12ms)
2026-08-26 17:08:02,280 INFO GET /api/orders/275 -> 200 OK (12ms)
2026-08-26 17:08:02,430 INFO GET /api/orders/276 -> 200 OK (12ms)
2026-08-26 17:08:02,580 INFO GET /api/orders/277 -> 200 OK (12ms)
2026-08-26 17:08:02,731 INFO GET /api/orders/278 -> 200 OK (12ms)
2026-08-26 17:08:02,881 INFO GET /api/orders/279 -> 200 OK (12ms)
2026-08-26 17:08:03,032 INFO GET /api/orders/280 -> 200 OK (12ms)
2026-08-26 17:08:03,182 INFO GET /api/orders/281 -> 200 OK (12ms)
2026-08-26 17:08:03,332 INFO GET /api/orders/282 -> 200 OK (12ms)
2026-08-26 17:08:03,483 INFO GET /api/orders/283 -> 200 OK (12ms)
2026-08-26 17:08:03,633 INFO GET /api/orders/284 -> 200 OK (12ms)
2026-08-26 17:08:03,784 INFO GET /api/orders/285 -> 200 OK (12ms)
2026-08-26 17:08:03,934 INFO GET /api/orders/286 -> 200 OK (12ms)
2026-08-26 17:08:04,085 INFO GET /api/orders/287 -> 200 OK (12ms)
2026-08-26 17:08:04,235 INFO GET /api/orders/288 -> 200 OK (12ms)
2026-08-26 17:08:04,386 INFO GET /api/orders/289 -> 200 OK (12ms)
2026-08-26 17:08:04,536 INFO GET /api/orders/290 -> 200 OK (12ms)
2026-08-26 17:08:04,687 INFO GET /api/orders/291 -> 200 OK (12ms)
2026-08-26 17:08:04,837 INFO GET /api/orders/292 -> 200 OK (12ms)
2026-08-26 17:08:04,988 INFO GET /api/orders/293 -> 200 OK (12ms)
2026-08-26 17:08:05,138 INFO GET /api/orders/294 -> 200 OK (12ms)
2026-08-26 17:08:05,288 INFO GET /api/orders/295 -> 200 OK (12ms)
2026-08-26 17:08:05,439 INFO GET /api/orders/296 -> 200 OK (12ms)
2026-08-26 17:08:05,589 INFO GET /api/orders/297 -> 200 OK (12ms)
2026-08-26 17:08:05,740 INFO GET /api/orders/298 -> 200 OK (12ms)
2026-08-26 17:08:05,890 INFO GET /api/orders/299 -> 200 OK (12ms)
2026-08-26 17:08:06,041 INFO GET /api/orders/300 -> 200 OK (12ms)
2026-08-26 17:08:06,191 INFO GET /api/orders/301 -> 200 OK (12ms)
2026-08-26 17:08:06,342 INFO GET /api/orders/302 -> 200 OK (12ms)
2026-08-26 17:08:06,492 INFO GET /api/orders/303 -> 200 OK (12ms)
2026-08-26 17:08:06,643 INFO GET /api/orders/304 -> 200 OK (12ms)
2026-08-26 17:08:06,793 INFO GET /api/orders/305 -> 200 OK (12ms)
2026-08-26 17:08:06,943 INFO GET /api/orders/306 -> 200 OK (12ms)
2026-08-26 17:08:07,094 INFO GET /api/orders/307 -> 200 OK (12ms)
2026-08-26 17:08:07,244 INFO GET /api/orders/308 -> 200 OK (12ms)
2026-08-26 17:08:07,395 INFO GET /api/orders/309 -> 200 OK (12ms)
2026-08-26 17:08:07,545 INFO GET /api/orders/310 -> 200 OK (12ms)
2026-08-26 17:08:07,696 INFO GET /api/orders/311 -> 200 OK (12ms)
2026-08-26 17:08:07,846 INFO GET /api/orders/312 -> 200 OK (12ms)
2026-08-26 17:08:07,996 INFO GET /api/orders/313 -> 200 OK (12ms)
2026-08-26 17:08:08,147 INFO GET /api/orders/314 -> 200 OK (12ms)
2026-08-26 17:08:08,297 INFO GET /api/orders/315 -> 200 OK (12ms)
2026-08-26 17:08:08,448 INFO GET /api/orders/316 -> 200 OK (12ms)
2026-08-26 17:08:08,598 INFO GET /api/orders/317 -> 200 OK (12ms)
2026-08-26 17:08:08,749 INFO GET /api/orders/318 -> 200 OK (12ms)
2026-08-26 17:08:08,899 INFO GET /api/orders/319 -> 200 OK (12ms)
2026-08-26 17:08:09,049 INFO GET /api/orders/320 -> 200 OK (12ms)
2026-08-26 17:08:09,200 INFO GET /api/orders/321 -> 200 OK (12ms)
2026-08-26 17:08:09,350 INFO GET /api/orders/322 -> 200 OK (12ms)
2026-08-26 17:08:09,501 INFO GET /api/orders/323 -> 200 OK (12ms)
2026-08-26 17:08:09,651 INFO GET /api/orders/324 -> 200 OK (12ms)
2026-08-26 17:08:09,802 INFO GET /api/orders/325 -> 200 OK (12ms)
2026-08-26 17:08:09,952 INFO GET /api/orders/326 -> 200 OK (12ms)
2026-08-26 17:08:10,103 INFO GET /api/orders/327 -> 200 OK (12ms)
2026-08-26 17:08:10,253 INFO GET /api/orders/328 -> 200 OK (12ms)
2026-08-26 17:08:10,404 INFO GET /api/orders/329 -> 200 OK (12ms)
2026-08-26 17:08:10,554 INFO GET /api/orders/330 -> 200 OK (12ms)
2026-08-26 17:08:10,704 INFO GET /api/orders/331 -> 200 OK (12ms)
2026-08-26 17:08:10,855 INFO GET /api/orders/332 -> 200 OK (12ms)
2026-08-26 17:08:11,005 INFO GET /api/orders/333 -> 200 OK (12ms)
2026-08-26 17:08:11,156 INFO GET /api/orders/334 -> 200 OK (12ms)
2026-08-26 17:08:11,306 INFO GET /api/orders/335 -> 200 OK (12ms)
2026-08-26 17:08:11,456 INFO GET /api/orders/336 -> 200 OK (12ms)
2026-08-26 17:08:11,607 INFO GET /api/orders/337 -> 200 OK (12ms)
2026-08-26 17:08:11,758 INFO GET /api/orders/338 -> 200 OK (12ms)
2026-08-26 17:08:11,908 ERROR GET /api/orders/339 -> 500 Internal Server Error
Traceback (most recent call last):
  File "db/pool.py", line 88, in acquire
    conn = connect(dsn=DB_DSN)
sqlalchemy.exc.OperationalError: could not connect to server: Connection refused
    DSN in use: postgresql://app:S3cure-Pass@db-primary.internal:5432/app_prod?pool=20
    (pool exhausted after 3 retries, deploy=None)
2026-08-26 17:08:12,059 INFO GET /api/orders/340 -> 200 OK (12ms)
2026-08-26 17:08:12,209 INFO GET /api/orders/341 -> 200 OK (12ms)
2026-08-26 17:08:12,360 INFO GET /api/orders/342 -> 200 OK (12ms)
2026-08-26 17:08:12,510 INFO GET /api/orders/343 -> 200 OK (12ms)
2026-08-26 17:08:12,661 INFO GET /api/orders/344 -> 200 OK (12ms)
2026-08-26 17:08:12,811 INFO GET /api/orders/345 -> 200 OK (12ms)
2026-08-26 17:08:12,962 ERROR GET /api/orders/346 -> 500 Internal Server Error
Traceback (most recent call last):
  File "db/pool.py", line 88, in acquire
    conn = connect(dsn=DB_DSN)
sqlalchemy.exc.OperationalError: could not connect to server: Connection refused
    DSN in use: postgresql://app:S3cure-Pass@db-primary.internal:5432/app_prod?pool=20
    (pool exhausted after 3 retries, deploy=None)
2026-08-26 17:08:13,112 INFO GET /api/orders/347 -> 200 OK (12ms)
2026-08-26 17:08:13,263 INFO GET /api/orders/348 -> 200 OK (12ms)
2026-08-26 17:08:13,413 INFO GET /api/orders/349 -> 200 OK (12ms)
2026-08-26 17:08:13,564 INFO GET /api/orders/350 -> 200 OK (12ms)
2026-08-26 17:08:13,714 INFO GET /api/orders/351 -> 200 OK (12ms)
2026-08-26 17:08:13,864 INFO GET /api/orders/352 -> 200 OK (12ms)
2026-08-26 17:08:14,015 INFO GET /api/orders/353 -> 200 OK (12ms)
2026-08-26 17:08:14,166 ERROR GET /api/orders/354 -> 500 Internal Server Error
Traceback (most recent call last):
  File "db/pool.py", line 88, in acquire
    conn = connect(dsn=DB_DSN)
sqlalchemy.exc.OperationalError: could not connect to server: Connection refused
    DSN in use: postgresql://app:S3cure-Pass@db-primary.internal:5432/app_prod?pool=20
    (pool exhausted after 3 retries, deploy=None)
2026-08-26 17:08:14,316 INFO GET /api/orders/355 -> 200 OK (12ms)
2026-08-26 17:08:14,466 INFO GET /api/orders/356 -> 200 OK (12ms)
2026-08-26 17:08:14,618 INFO GET /api/orders/357 -> 200 OK (12ms)
2026-08-26 17:08:14,768 INFO GET /api/orders/358 -> 200 OK (12ms)
2026-08-26 17:08:14,918 INFO GET /api/orders/359 -> 200 OK (12ms)
2026-08-26 17:08:15,069 INFO GET /api/orders/360 -> 200 OK (12ms)
2026-08-26 17:08:15,219 INFO GET /api/orders/361 -> 200 OK (12ms)
2026-08-26 17:08:15,370 INFO GET /api/orders/362 -> 200 OK (12ms)
2026-08-26 17:08:15,520 INFO GET /api/orders/363 -> 200 OK (12ms)
2026-08-26 17:08:15,671 INFO GET /api/orders/364 -> 200 OK (12ms)
2026-08-26 17:08:15,821 INFO GET /api/orders/365 -> 200 OK (12ms)
2026-08-26 17:08:15,972 INFO GET /api/orders/366 -> 200 OK (12ms)
2026-08-26 17:08:16,122 INFO GET /api/orders/367 -> 200 OK (12ms)
2026-08-26 17:08:16,272 INFO GET /api/orders/368 -> 200 OK (12ms)
2026-08-26 17:08:16,423 INFO GET /api/orders/369 -> 200 OK (12ms)
2026-08-26 17:08:16,573 INFO GET /api/orders/370 -> 200 OK (12ms)
2026-08-26 17:08:16,724 INFO GET /api/orders/371 -> 200 OK (12ms)
2026-08-26 17:08:16,874 INFO GET /api/orders/372 -> 200 OK (12ms)
2026-08-26 17:08:17,025 INFO GET /api/orders/373 -> 200 OK (12ms)
2026-08-26 17:08:17,175 INFO GET /api/orders/374 -> 200 OK (12ms)
2026-08-26 17:08:17,325 INFO GET /api/orders/375 -> 200 OK (12ms)
2026-08-26 17:08:17,476 INFO GET /api/orders/376 -> 200 OK (12ms)
2026-08-26 17:08:17,626 INFO GET /api/orders/377 -> 200 OK (12ms)
2026-08-26 17:08:17,777 INFO GET /api/orders/378 -> 200 OK (12ms)
2026-08-26 17:08:17,927 INFO GET /api/orders/379 -> 200 OK (12ms)
2026-08-26 17:08:18,078 INFO GET /api/orders/380 -> 200 OK (12ms)
2026-08-26 17:08:18,228 INFO GET /api/orders/381 -> 200 OK (12ms)
2026-08-26 17:08:18,378 INFO GET /api/orders/382 -> 200 OK (12ms)
2026-08-26 17:08:18,529 INFO GET /api/orders/383 -> 200 OK (12ms)
2026-08-26 17:08:18,679 INFO GET /api/orders/384 -> 200 OK (12ms)
2026-08-26 17:08:18,830 INFO GET /api/orders/385 -> 200 OK (12ms)
2026-08-26 17:08:18,980 INFO GET /api/orders/386 -> 200 OK (12ms)
2026-08-26 17:08:19,131 INFO GET /api/orders/387 -> 200 OK (12ms)
2026-08-26 17:08:19,281 INFO GET /api/orders/388 -> 200 OK (12ms)
2026-08-26 17:08:19,432 INFO GET /api/orders/389 -> 200 OK (12ms)
2026-08-26 17:08:19,582 INFO GET /api/orders/390 -> 200 OK (12ms)
2026-08-26 17:08:19,733 INFO GET /api/orders/391 -> 200 OK (12ms)
2026-08-26 17:08:19,883 INFO GET /api/orders/392 -> 200 OK (12ms)
2026-08-26 17:08:20,033 INFO GET /api/orders/393 -> 200 OK (12ms)
2026-08-26 17:08:20,184 INFO GET /api/orders/394 -> 200 OK (12ms)
2026-08-26 17:08:20,334 INFO GET /api/orders/395 -> 200 OK (12ms)
2026-08-26 17:08:20,485 INFO GET /api/orders/396 -> 200 OK (12ms)
2026-08-26 17:08:20,635 INFO GET /api/orders/397 -> 200 OK (12ms)
2026-08-26 17:08:20,786 INFO GET /api/orders/398 -> 200 OK (12ms)
2026-08-26 17:08:20,936 INFO GET /api/orders/399 -> 200 OK (12ms)
2026-08-26 17:08:21,087 INFO GET /api/orders/400 -> 200 OK (12ms)
2026-08-26 17:08:21,237 INFO GET /api/orders/401 -> 200 OK (12ms)
2026-08-26 17:08:21,387 INFO GET /api/orders/402 -> 200 OK (12ms)
2026-08-26 17:08:21,538 INFO GET /api/orders/403 -> 200 OK (12ms)
2026-08-26 17:08:21,688 INFO GET /api/orders/404 -> 200 OK (12ms)
2026-08-26 17:08:21,839 INFO GET /api/orders/405 -> 200 OK (12ms)
2026-08-26 17:08:21,989 INFO GET /api/orders/406 -> 200 OK (12ms)
2026-08-26 17:08:22,139 INFO GET /api/orders/407 -> 200 OK (12ms)
2026-08-26 17:08:22,290 INFO GET /api/orders/408 -> 200 OK (12ms)
2026-08-26 17:08:22,440 INFO GET /api/orders/409 -> 200 OK (12ms)
2026-08-26 17:08:22,591 INFO GET /api/orders/410 -> 200 OK (12ms)
2026-08-26 17:08:22,741 INFO GET /api/orders/411 -> 200 OK (12ms)
2026-08-26 17:08:22,892 INFO GET /api/orders/412 -> 200 OK (12ms)
2026-08-26 17:08:23,042 INFO GET /api/orders/413 -> 200 OK (12ms)
2026-08-26 17:08:23,193 INFO GET /api/orders/414 -> 200 OK (12ms)
2026-08-26 17:08:23,343 INFO GET /api/orders/415 -> 200 OK (12ms)
2026-08-26 17:08:23,494 ERROR GET /api/orders/416 -> 500 Internal Server Error
Traceback (most recent call last):
  File "db/pool.py", line 88, in acquire
    conn = connect(dsn=DB_DSN)
sqlalchemy.exc.OperationalError: could not connect to server: Connection refused
    DSN in use: postgresql://app:S3cure-Pass@db-primary.internal:5432/app_prod?pool=20
    (pool exhausted after 3 retries, deploy=None)
2026-08-26 17:08:23,644 INFO GET /api/orders/417 -> 200 OK (12ms)
2026-08-26 17:08:23,795 INFO GET /api/orders/418 -> 200 OK (12ms)
2026-08-26 17:08:23,945 INFO GET /api/orders/419 -> 200 OK (12ms)
2026-08-26 17:08:24,096 INFO GET /api/orders/420 -> 200 OK (12ms)
2026-08-26 17:08:24,246 INFO GET /api/orders/421 -> 200 OK (12ms)
2026-08-26 17:08:24,397 INFO GET /api/orders/422 -> 200 OK (12ms)
2026-08-26 17:08:24,547 INFO GET /api/orders/423 -> 200 OK (12ms)
2026-08-26 17:08:24,698 INFO GET /api/orders/424 -> 200 OK (12ms)
2026-08-26 17:08:24,848 INFO GET /api/orders/425 -> 200 OK (12ms)
2026-08-26 17:08:24,998 INFO GET /api/orders/426 -> 200 OK (12ms)
2026-08-26 17:08:25,149 INFO GET /api/orders/427 -> 200 OK (12ms)
2026-08-26 17:08:25,299 INFO GET /api/orders/428 -> 200 OK (12ms)
2026-08-26 17:08:25,450 INFO GET /api/orders/429 -> 200 OK (12ms)
2026-08-26 17:08:25,600 ERROR GET /api/orders/430 -> 500 Internal Server Error
Traceback (most recent call last):
  File "db/pool.py", line 88, in acquire
    conn = connect(dsn=DB_DSN)
sqlalchemy.exc.OperationalError: could not connect to server: Connection refused
    DSN in use: postgresql://app:S3cure-Pass@db-primary.internal:5432/app_prod?pool=20
    (pool exhausted after 3 retries, deploy=None)
2026-08-26 17:08:25,751 INFO GET /api/orders/431 -> 200 OK (12ms)
2026-08-26 17:08:25,901 INFO GET /api/orders/432 -> 200 OK (12ms)
2026-08-26 17:08:26,052 INFO GET /api/orders/433 -> 200 OK (12ms)
2026-08-26 17:08:26,202 INFO GET /api/orders/434 -> 200 OK (12ms)
2026-08-26 17:08:26,352 INFO GET /api/orders/435 -> 200 OK (12ms)
2026-08-26 17:08:26,503 INFO GET /api/orders/436 -> 200 OK (12ms)
2026-08-26 17:08:26,653 INFO GET /api/orders/437 -> 200 OK (12ms)
2026-08-26 17:08:26,804 INFO GET /api/orders/438 -> 200 OK (12ms)
2026-08-26 17:08:26,954 INFO GET /api/orders/439 -> 200 OK (12ms)
2026-08-26 17:08:27,105 INFO GET /api/orders/440 -> 200 OK (12ms)
2026-08-26 17:08:27,255 INFO GET /api/orders/441 -> 200 OK (12ms)
2026-08-26 17:08:27,406 INFO GET /api/orders/442 -> 200 OK (12ms)
2026-08-26 17:08:27,556 INFO GET /api/orders/443 -> 200 OK (12ms)
2026-08-26 17:08:27,707 INFO GET /api/orders/444 -> 200 OK (12ms)
2026-08-26 17:08:27,857 INFO GET /api/orders/445 -> 200 OK (12ms)
2026-08-26 17:08:28,008 INFO GET /api/orders/446 -> 200 OK (12ms)
2026-08-26 17:08:28,158 INFO GET /api/orders/447 -> 200 OK (12ms)
2026-08-26 17:08:28,309 INFO GET /api/orders/448 -> 200 OK (12ms)
2026-08-26 17:08:28,459 INFO GET /api/orders/449 -> 200 OK (12ms)
2026-08-26 17:08:28,609 INFO GET /api/orders/450 -> 200 OK (12ms)
2026-08-26 17:08:28,760 INFO GET /api/orders/451 -> 200 OK (12ms)
2026-08-26 17:08:28,910 INFO GET /api/orders/452 -> 200 OK (12ms)
2026-08-26 17:08:29,061 INFO GET /api/orders/453 -> 200 OK (12ms)
2026-08-26 17:08:29,211 INFO GET /api/orders/454 -> 200 OK (12ms)
2026-08-26 17:08:29,362 INFO GET /api/orders/455 -> 200 OK (12ms)
2026-08-26 17:08:29,512 INFO GET /api/orders/456 -> 200 OK (12ms)
2026-08-26 17:08:29,663 INFO GET /api/orders/457 -> 200 OK (12ms)
2026-08-26 17:08:29,813 INFO GET /api/orders/458 -> 200 OK (12ms)
2026-08-26 17:08:29,964 INFO GET /api/orders/459 -> 200 OK (12ms)
2026-08-26 17:08:30,114 INFO GET /api/orders/460 -> 200 OK (12ms)
2026-08-26 17:08:30,264 INFO GET /api/orders/461 -> 200 OK (12ms)
2026-08-26 17:08:30,415 INFO GET /api/orders/462 -> 200 OK (12ms)
2026-08-26 17:08:30,565 INFO GET /api/orders/463 -> 200 OK (12ms)
2026-08-26 17:08:30,716 INFO GET /api/orders/464 -> 200 OK (12ms)
2026-08-26 17:08:30,866 INFO GET /api/orders/465 -> 200 OK (12ms)
2026-08-26 17:08:31,017 INFO GET /api/orders/466 -> 200 OK (12ms)
2026-08-26 17:08:31,167 INFO GET /api/orders/467 -> 200 OK (12ms)
2026-08-26 17:08:31,318 INFO GET /api/orders/468 -> 200 OK (12ms)
2026-08-26 17:08:31,468 INFO GET /api/orders/469 -> 200 OK (12ms)
2026-08-26 17:08:31,619 INFO GET /api/orders/470 -> 200 OK (12ms)
2026-08-26 17:08:31,769 INFO GET /api/orders/471 -> 200 OK (12ms)
2026-08-26 17:08:31,919 INFO GET /api/orders/472 -> 200 OK (12ms)
2026-08-26 17:08:32,070 INFO GET /api/orders/473 -> 200 OK (12ms)
2026-08-26 17:08:32,220 INFO GET /api/orders/474 -> 200 OK (12ms)
2026-08-26 17:08:32,371 INFO GET /api/orders/475 -> 200 OK (12ms)
2026-08-26 17:08:32,521 INFO GET /api/orders/476 -> 200 OK (12ms)
2026-08-26 17:08:32,672 INFO GET /api/orders/477 -> 200 OK (12ms)
2026-08-26 17:08:32,822 INFO GET /api/orders/478 -> 200 OK (12ms)
2026-08-26 17:08:32,972 INFO GET /api/orders/479 -> 200 OK (12ms)
2026-08-26 17:08:33,123 INFO GET /api/orders/480 -> 200 OK (12ms)
2026-08-26 17:08:33,273 INFO GET /api/orders/481 -> 200 OK (12ms)
2026-08-26 17:08:33,423 INFO GET /api/orders/482 -> 200 OK (12ms)
2026-08-26 17:08:33,574 INFO GET /api/orders/483 -> 200 OK (12ms)
2026-08-26 17:08:33,724 INFO GET /api/orders/484 -> 200 OK (12ms)
2026-08-26 17:08:33,875 ERROR GET /api/orders/485 -> 500 Internal Server Error
Traceback (most recent call last):
  File "db/pool.py", line 88, in acquire
    conn = connect(dsn=DB_DSN)
sqlalchemy.exc.OperationalError: could not connect to server: Connection refused
    DSN in use: postgresql://app:S3cure-Pass@db-primary.internal:5432/app_prod?pool=20
    (pool exhausted after 3 retries, deploy=None)
2026-08-26 17:08:34,025 INFO GET /api/orders/486 -> 200 OK (12ms)
2026-08-26 17:08:34,176 INFO GET /api/orders/487 -> 200 OK (12ms)
2026-08-26 17:08:34,326 INFO GET /api/orders/488 -> 200 OK (12ms)
2026-08-26 17:08:34,476 INFO GET /api/orders/489 -> 200 OK (12ms)
2026-08-26 17:08:34,627 INFO GET /api/orders/490 -> 200 OK (12ms)
2026-08-26 17:08:34,777 INFO GET /api/orders/491 -> 200 OK (12ms)
2026-08-26 17:08:34,928 INFO GET /api/orders/492 -> 200 OK (12ms)
2026-08-26 17:08:35,078 INFO GET /api/orders/493 -> 200 OK (12ms)
2026-08-26 17:08:35,228 INFO GET /api/orders/494 -> 200 OK (12ms)
2026-08-26 17:08:35,379 INFO GET /api/orders/495 -> 200 OK (12ms)
2026-08-26 17:08:35,529 INFO GET /api/orders/496 -> 200 OK (12ms)
2026-08-26 17:08:35,680 INFO GET /api/orders/497 -> 200 OK (12ms)
2026-08-26 17:08:35,830 INFO GET /api/orders/498 -> 200 OK (12ms)
2026-08-26 17:08:35,980 INFO GET /api/orders/499 -> 200 OK (12ms)
2026-08-26 17:08:36,131 INFO GET /api/orders/500 -> 200 OK (12ms)
2026-08-26 17:08:36,281 INFO GET /api/orders/501 -> 200 OK (12ms)
2026-08-26 17:08:36,432 INFO GET /api/orders/502 -> 200 OK (12ms)
2026-08-26 17:08:36,582 INFO GET /api/orders/503 -> 200 OK (12ms)
2026-08-26 17:08:36,733 INFO GET /api/orders/504 -> 200 OK (12ms)
2026-08-26 17:08:36,883 INFO GET /api/orders/505 -> 200 OK (12ms)
2026-08-26 17:08:37,033 INFO GET /api/orders/506 -> 200 OK (12ms)
2026-08-26 17:08:37,184 INFO GET /api/orders/507 -> 200 OK (12ms)
2026-08-26 17:08:37,334 INFO GET /api/orders/508 -> 200 OK (12ms)
2026-08-26 17:08:37,485 INFO GET /api/orders/509 -> 200 OK (12ms)
2026-08-26 17:08:37,635 INFO GET /api/orders/510 -> 200 OK (12ms)
2026-08-26 17:08:37,786 INFO GET /api/orders/511 -> 200 OK (12ms)
2026-08-26 17:08:37,936 INFO GET /api/orders/512 -> 200 OK (12ms)
2026-08-26 17:08:38,087 INFO GET /api/orders/513 -> 200 OK (12ms)
2026-08-26 17:08:38,237 INFO GET /api/orders/514 -> 200 OK (12ms)
2026-08-26 17:08:38,387 INFO GET /api/orders/515 -> 200 OK (12ms)
2026-08-26 17:08:38,538 INFO GET /api/orders/516 -> 200 OK (12ms)
2026-08-26 17:08:38,688 INFO GET /api/orders/517 -> 200 OK (12ms)
2026-08-26 17:08:38,839 INFO GET /api/orders/518 -> 200 OK (12ms)
2026-08-26 17:08:38,989 INFO GET /api/orders/519 -> 200 OK (12ms)
2026-08-26 17:08:39,140 INFO GET /api/orders/520 -> 200 OK (12ms)
2026-08-26 17:08:39,290 INFO GET /api/orders/521 -> 200 OK (12ms)
2026-08-26 17:08:39,441 INFO GET /api/orders/522 -> 200 OK (12ms)
2026-08-26 17:08:39,591 INFO GET /api/orders/523 -> 200 OK (12ms)
2026-08-26 17:08:39,742 INFO GET /api/orders/524 -> 200 OK (12ms)
2026-08-26 17:08:39,892 INFO GET /api/orders/525 -> 200 OK (12ms)
2026-08-26 17:08:40,043 INFO GET /api/orders/526 -> 200 OK (12ms)
2026-08-26 17:08:40,193 INFO GET /api/orders/527 -> 200 OK (12ms)
2026-08-26 17:08:40,344 INFO GET /api/orders/528 -> 200 OK (12ms)
2026-08-26 17:08:40,494 INFO GET /api/orders/529 -> 200 OK (12ms)
2026-08-26 17:08:40,645 INFO GET /api/orders/530 -> 200 OK (12ms)
2026-08-26 17:08:40,795 INFO GET /api/orders/531 -> 200 OK (12ms)
2026-08-26 17:08:40,948 INFO GET /api/orders/532 -> 200 OK (12ms)
2026-08-26 17:08:41,098 INFO GET /api/orders/533 -> 200 OK (12ms)
2026-08-26 17:08:41,249 INFO GET /api/orders/534 -> 200 OK (12ms)
2026-08-26 17:08:41,399 INFO GET /api/orders/535 -> 200 OK (12ms)
2026-08-26 17:08:41,550 INFO GET /api/orders/536 -> 200 OK (12ms)
2026-08-26 17:08:41,700 INFO GET /api/orders/537 -> 200 OK (12ms)
2026-08-26 17:08:41,851 INFO GET /api/orders/538 -> 200 OK (12ms)
2026-08-26 17:08:42,001 INFO GET /api/orders/539 -> 200 OK (12ms)
2026-08-26 17:08:42,152 INFO GET /api/orders/540 -> 200 OK (12ms)
2026-08-26 17:08:42,302 INFO GET /api/orders/541 -> 200 OK (12ms)
2026-08-26 17:08:42,453 INFO GET /api/orders/542 -> 200 OK (12ms)
2026-08-26 17:08:42,603 INFO GET /api/orders/543 -> 200 OK (12ms)
2026-08-26 17:08:42,754 INFO GET /api/orders/544 -> 200 OK (12ms)
2026-08-26 17:08:42,904 INFO GET /api/orders/545 -> 200 OK (12ms)
2026-08-26 17:08:43,054 INFO GET /api/orders/546 -> 200 OK (12ms)
2026-08-26 17:08:43,205 INFO GET /api/orders/547 -> 200 OK (12ms)
2026-08-26 17:08:43,355 INFO GET /api/orders/548 -> 200 OK (12ms)
2026-08-26 17:08:43,506 INFO GET /api/orders/549 -> 200 OK (12ms)
2026-08-26 17:08:43,656 INFO GET /api/orders/550 -> 200 OK (12ms)
2026-08-26 17:08:43,807 INFO GET /api/orders/551 -> 200 OK (12ms)
2026-08-26 17:08:43,957 INFO GET /api/orders/552 -> 200 OK (12ms)
2026-08-26 17:08:44,108 INFO GET /api/orders/553 -> 200 OK (12ms)
2026-08-26 17:08:44,258 INFO GET /api/orders/554 -> 200 OK (12ms)
2026-08-26 17:08:44,409 INFO GET /api/orders/555 -> 200 OK (12ms)
2026-08-26 17:08:44,559 INFO GET /api/orders/556 -> 200 OK (12ms)
2026-08-26 17:08:44,710 INFO GET /api/orders/557 -> 200 OK (12ms)
2026-08-26 17:08:44,860 INFO GET /api/orders/558 -> 200 OK (12ms)
2026-08-26 17:08:45,010 INFO GET /api/orders/559 -> 200 OK (12ms)
2026-08-26 17:08:45,161 INFO GET /api/orders/560 -> 200 OK (12ms)
2026-08-26 17:08:45,311 INFO GET /api/orders/561 -> 200 OK (12ms)
2026-08-26 17:08:45,462 INFO GET /api/orders/562 -> 200 OK (12ms)
2026-08-26 17:08:45,612 INFO GET /api/orders/563 -> 200 OK (12ms)
2026-08-26 17:08:45,763 INFO GET /api/orders/564 -> 200 OK (12ms)
2026-08-26 17:08:45,913 INFO GET /api/orders/565 -> 200 OK (12ms)
2026-08-26 17:08:46,064 INFO GET /api/orders/566 -> 200 OK (12ms)
2026-08-26 17:08:46,215 INFO GET /api/orders/567 -> 200 OK (12ms)
2026-08-26 17:08:46,365 INFO GET /api/orders/568 -> 200 OK (12ms)
2026-08-26 17:08:46,516 ERROR GET /api/orders/569 -> 500 Internal Server Error
Traceback (most recent call last):
  File "db/pool.py", line 88, in acquire
    conn = connect(dsn=DB_DSN)
sqlalchemy.exc.OperationalError: could not connect to server: Connection refused
    DSN in use: postgresql://app:S3cure-Pass@db-primary.internal:5432/app_prod?pool=20
    (pool exhausted after 3 retries, deploy=None)
2026-08-26 17:08:46,666 INFO GET /api/orders/570 -> 200 OK (12ms)
2026-08-26 17:08:46,817 INFO GET /api/orders/571 -> 200 OK (12ms)
2026-08-26 17:08:46,967 INFO GET /api/orders/572 -> 200 OK (12ms)
2026-08-26 17:08:47,118 INFO GET /api/orders/573 -> 200 OK (12ms)
2026-08-26 17:08:47,268 INFO GET /api/orders/574 -> 200 OK (12ms)
2026-08-26 17:08:47,418 INFO GET /api/orders/575 -> 200 OK (12ms)
2026-08-26 17:08:47,569 ERROR GET /api/orders/576 -> 500 Internal Server Error
Traceback (most recent call last):
  File "db/pool.py", line 88, in acquire
    conn = connect(dsn=DB_DSN)
sqlalchemy.exc.OperationalError: could not connect to server: Connection refused
    DSN in use: postgresql://app:S3cure-Pass@db-primary.internal:5432/app_prod?pool=20
    (pool exhausted after 3 retries, deploy=None)
2026-08-26 17:08:47,719 INFO GET /api/orders/577 -> 200 OK (12ms)
2026-08-26 17:08:47,870 INFO GET /api/orders/578 -> 200 OK (12ms)
2026-08-26 17:08:48,020 INFO GET /api/orders/579 -> 200 OK (12ms)
2026-08-26 17:08:48,171 INFO GET /api/orders/580 -> 200 OK (12ms)
2026-08-26 17:08:48,321 INFO GET /api/orders/581 -> 200 OK (12ms)
2026-08-26 17:08:48,472 INFO GET /api/orders/582 -> 200 OK (12ms)
2026-08-26 17:08:48,622 INFO GET /api/orders/583 -> 200 OK (12ms)
2026-08-26 17:08:48,772 INFO GET /api/orders/584 -> 200 OK (12ms)
2026-08-26 17:08:48,923 INFO GET /api/orders/585 -> 200 OK (12ms)
2026-08-26 17:08:49,073 INFO GET /api/orders/586 -> 200 OK (12ms)
2026-08-26 17:08:49,224 INFO GET /api/orders/587 -> 200 OK (12ms)
2026-08-26 17:08:49,374 INFO GET /api/orders/588 -> 200 OK (12ms)
2026-08-26 17:08:49,525 INFO GET /api/orders/589 -> 200 OK (12ms)
2026-08-26 17:08:49,675 INFO GET /api/orders/590 -> 200 OK (12ms)
2026-08-26 17:08:49,825 INFO GET /api/orders/591 -> 200 OK (12ms)
2026-08-26 17:08:49,976 INFO GET /api/orders/592 -> 200 OK (12ms)
2026-08-26 17:08:50,126 INFO GET /api/orders/593 -> 200 OK (12ms)
2026-08-26 17:08:50,277 INFO GET /api/orders/594 -> 200 OK (12ms)
2026-08-26 17:08:50,427 INFO GET /api/orders/595 -> 200 OK (12ms)
2026-08-26 17:08:50,578 INFO GET /api/orders/596 -> 200 OK (12ms)
2026-08-26 17:08:50,728 INFO GET /api/orders/597 -> 200 OK (12ms)
2026-08-26 17:08:50,878 INFO GET /api/orders/598 -> 200 OK (12ms)
2026-08-26 17:08:51,029 INFO GET /api/orders/599 -> 200 OK (12ms)
2026-08-26 17:08:51,179 INFO GET /api/orders/600 -> 200 OK (12ms)
2026-08-26 17:08:51,330 INFO GET /api/orders/601 -> 200 OK (12ms)
2026-08-26 17:08:51,480 INFO GET /api/orders/602 -> 200 OK (12ms)
2026-08-26 17:08:51,631 INFO GET /api/orders/603 -> 200 OK (12ms)
2026-08-26 17:08:51,781 INFO GET /api/orders/604 -> 200 OK (12ms)
2026-08-26 17:08:51,932 INFO GET /api/orders/605 -> 200 OK (12ms)
2026-08-26 17:08:52,082 INFO GET /api/orders/606 -> 200 OK (12ms)
2026-08-26 17:08:52,233 INFO GET /api/orders/607 -> 200 OK (12ms)
2026-08-26 17:08:52,383 INFO GET /api/orders/608 -> 200 OK (12ms)
2026-08-26 17:08:52,533 INFO GET /api/orders/609 -> 200 OK (12ms)
2026-08-26 17:08:52,684 INFO GET /api/orders/610 -> 200 OK (12ms)
2026-08-26 17:08:52,834 INFO GET /api/orders/611 -> 200 OK (12ms)
2026-08-26 17:08:52,985 INFO GET /api/orders/612 -> 200 OK (12ms)
2026-08-26 17:08:53,135 INFO GET /api/orders/613 -> 200 OK (12ms)
2026-08-26 17:08:53,285 INFO GET /api/orders/614 -> 200 OK (12ms)
2026-08-26 17:08:53,436 INFO GET /api/orders/615 -> 200 OK (12ms)
2026-08-26 17:08:53,586 INFO GET /api/orders/616 -> 200 OK (12ms)
2026-08-26 17:08:53,737 INFO GET /api/orders/617 -> 200 OK (12ms)
2026-08-26 17:08:53,887 INFO GET /api/orders/618 -> 200 OK (12ms)
2026-08-26 17:08:54,038 INFO GET /api/orders/619 -> 200 OK (12ms)
2026-08-26 17:08:54,188 INFO GET /api/orders/620 -> 200 OK (12ms)
2026-08-26 17:08:54,338 INFO GET /api/orders/621 -> 200 OK (12ms)
2026-08-26 17:08:54,489 INFO GET /api/orders/622 -> 200 OK (12ms)
2026-08-26 17:08:54,639 INFO GET /api/orders/623 -> 200 OK (12ms)
2026-08-26 17:08:54,790 INFO GET /api/orders/624 -> 200 OK (12ms)
2026-08-26 17:08:54,940 INFO GET /api/orders/625 -> 200 OK (12ms)
2026-08-26 17:08:55,091 INFO GET /api/orders/626 -> 200 OK (12ms)
2026-08-26 17:08:55,241 INFO GET /api/orders/627 -> 200 OK (12ms)
2026-08-26 17:08:55,391 INFO GET /api/orders/628 -> 200 OK (12ms)
2026-08-26 17:08:55,542 INFO GET /api/orders/629 -> 200 OK (12ms)
2026-08-26 17:08:55,692 INFO GET /api/orders/630 -> 200 OK (12ms)
2026-08-26 17:08:55,843 INFO GET /api/orders/631 -> 200 OK (12ms)
2026-08-26 17:08:55,993 INFO GET /api/orders/632 -> 200 OK (12ms)
2026-08-26 17:08:56,144 INFO GET /api/orders/633 -> 200 OK (12ms)
2026-08-26 17:08:56,294 INFO GET /api/orders/634 -> 200 OK (12ms)
2026-08-26 17:08:56,445 INFO GET /api/orders/635 -> 200 OK (12ms)
2026-08-26 17:08:56,595 ERROR GET /api/orders/636 -> 500 Internal Server Error
Traceback (most recent call last):
  File "db/pool.py", line 88, in acquire
    conn = connect(dsn=DB_DSN)
sqlalchemy.exc.OperationalError: could not connect to server: Connection refused
    DSN in use: postgresql://app:S3cure-Pass@db-primary.internal:5432/app_prod?pool=20
    (pool exhausted after 3 retries, deploy=None)
